// Jest Snapshot v1, https://goo.gl/fbAQLP

exports[`Portal 测试挂载到body中 1`] = `<div />`;

exports[`Portal 直接挂载在当前位置 1`] = `
<div>
  <div>
    123
  </div>
</div>
`;
