// Jest Snapshot v1, https://goo.gl/fbAQLP

exports[`BaseButton 基本测试 1`] = `
<button
  class="xl-base-button"
  tabindex="0"
>
  <span
    class="xl-base-button__inner"
  >
    button
  </span>
  <span
    class="xl-ripple"
  />
</button>
`;
