// Jest Snapshot v1, https://goo.gl/fbAQLP

exports[`Spin 不同大小 1`] = `
<div
  class="wrapper"
>
  <div
    class="xl-spin xl-spin--spinning"
  >
    <div
      class="xl-spin--fade xl-spin--fade-enter xl-spin--fade-enter-active"
    >
      <div
        class="xl-spin__wrap xl-spin__wrap--small"
      >
        <span
          class="xl-spin__indicator"
        >
          <i
            class="xl-icon xl-icon--spin"
          >
            <svg
              fill="currentColor"
              style="height: 1em; width: 1em;"
              viewBox="0 0 512 512"
            >
              <path
                d="M304 48c0 26.51-21.49 48-48 48s-48-21.49-48-48 21.49-48 48-48 48 21.49 48 48zm-48 368c-26.51 0-48 21.49-48 48s21.49 48 48 48 48-21.49 48-48-21.49-48-48-48zm208-208c-26.51 0-48 21.49-48 48s21.49 48 48 48 48-21.49 48-48-21.49-48-48-48zM96 256c0-26.51-21.49-48-48-48S0 229.49 0 256s21.49 48 48 48 48-21.49 48-48zm12.922 99.078c-26.51 0-48 21.49-48 48s21.49 48 48 48 48-21.49 48-48c0-26.509-21.491-48-48-48zm294.156 0c-26.51 0-48 21.49-48 48s21.49 48 48 48 48-21.49 48-48c0-26.509-21.49-48-48-48zM108.922 60.922c-26.51 0-48 21.49-48 48s21.49 48 48 48 48-21.49 48-48-21.491-48-48-48z"
              />
            </svg>
          </i>
        </span>
        <span
          class="xl-spin__tip"
        >
          loading
        </span>
      </div>
    </div>
  </div>
  <div
    class="xl-spin xl-spin--spinning"
  >
    <div
      class="xl-spin--fade xl-spin--fade-enter xl-spin--fade-enter-active"
    >
      <div
        class="xl-spin__wrap xl-spin__wrap--default"
      >
        <span
          class="xl-spin__indicator"
        >
          <i
            class="xl-icon xl-icon--spin"
          >
            <svg
              fill="currentColor"
              style="height: 1em; width: 1em;"
              viewBox="0 0 512 512"
            >
              <path
                d="M304 48c0 26.51-21.49 48-48 48s-48-21.49-48-48 21.49-48 48-48 48 21.49 48 48zm-48 368c-26.51 0-48 21.49-48 48s21.49 48 48 48 48-21.49 48-48-21.49-48-48-48zm208-208c-26.51 0-48 21.49-48 48s21.49 48 48 48 48-21.49 48-48-21.49-48-48-48zM96 256c0-26.51-21.49-48-48-48S0 229.49 0 256s21.49 48 48 48 48-21.49 48-48zm12.922 99.078c-26.51 0-48 21.49-48 48s21.49 48 48 48 48-21.49 48-48c0-26.509-21.491-48-48-48zm294.156 0c-26.51 0-48 21.49-48 48s21.49 48 48 48 48-21.49 48-48c0-26.509-21.49-48-48-48zM108.922 60.922c-26.51 0-48 21.49-48 48s21.49 48 48 48 48-21.49 48-48-21.491-48-48-48z"
              />
            </svg>
          </i>
        </span>
        <span
          class="xl-spin__tip"
        >
          loading
        </span>
      </div>
    </div>
  </div>
  <div
    class="xl-spin xl-spin--spinning"
  >
    <div
      class="xl-spin--fade xl-spin--fade-enter xl-spin--fade-enter-active"
    >
      <div
        class="xl-spin__wrap xl-spin__wrap--large"
      >
        <span
          class="xl-spin__indicator"
        >
          <i
            class="xl-icon xl-icon--spin"
          >
            <svg
              fill="currentColor"
              style="height: 1em; width: 1em;"
              viewBox="0 0 512 512"
            >
              <path
                d="M304 48c0 26.51-21.49 48-48 48s-48-21.49-48-48 21.49-48 48-48 48 21.49 48 48zm-48 368c-26.51 0-48 21.49-48 48s21.49 48 48 48 48-21.49 48-48-21.49-48-48-48zm208-208c-26.51 0-48 21.49-48 48s21.49 48 48 48 48-21.49 48-48-21.49-48-48-48zM96 256c0-26.51-21.49-48-48-48S0 229.49 0 256s21.49 48 48 48 48-21.49 48-48zm12.922 99.078c-26.51 0-48 21.49-48 48s21.49 48 48 48 48-21.49 48-48c0-26.509-21.491-48-48-48zm294.156 0c-26.51 0-48 21.49-48 48s21.49 48 48 48 48-21.49 48-48c0-26.509-21.49-48-48-48zM108.922 60.922c-26.51 0-48 21.49-48 48s21.49 48 48 48 48-21.49 48-48-21.491-48-48-48z"
              />
            </svg>
          </i>
        </span>
        <span
          class="xl-spin__tip"
        >
          loading
        </span>
      </div>
    </div>
  </div>
</div>
`;

exports[`Spin 内嵌内容 1`] = `
<div
  class="xl-spin xl-spin--spinning xl-spin--nested"
>
  <div
    class="xl-spin--fade xl-spin--fade-enter xl-spin--fade-enter-active"
  >
    <div
      class="xl-spin__wrap xl-spin__wrap--default"
    >
      <span
        class="xl-spin__indicator"
      >
        <i
          class="xl-icon xl-icon--spin"
        >
          <svg
            fill="currentColor"
            style="height: 1em; width: 1em;"
            viewBox="0 0 512 512"
          >
            <path
              d="M304 48c0 26.51-21.49 48-48 48s-48-21.49-48-48 21.49-48 48-48 48 21.49 48 48zm-48 368c-26.51 0-48 21.49-48 48s21.49 48 48 48 48-21.49 48-48-21.49-48-48-48zm208-208c-26.51 0-48 21.49-48 48s21.49 48 48 48 48-21.49 48-48-21.49-48-48-48zM96 256c0-26.51-21.49-48-48-48S0 229.49 0 256s21.49 48 48 48 48-21.49 48-48zm12.922 99.078c-26.51 0-48 21.49-48 48s21.49 48 48 48 48-21.49 48-48c0-26.509-21.491-48-48-48zm294.156 0c-26.51 0-48 21.49-48 48s21.49 48 48 48 48-21.49 48-48c0-26.509-21.49-48-48-48zM108.922 60.922c-26.51 0-48 21.49-48 48s21.49 48 48 48 48-21.49 48-48-21.491-48-48-48z"
            />
          </svg>
        </i>
      </span>
      <span
        class="xl-spin__tip"
      >
        loading
      </span>
    </div>
  </div>
  <div
    class="xl-spin__children"
  >
    <div
      class="inner"
    >
      Further details about the context of this alert.
    </div>
  </div>
</div>
`;

exports[`Spin 基本用法 1`] = `
<div
  class="xl-spin xl-spin--spinning"
>
  <div
    class="xl-spin--fade xl-spin--fade-enter xl-spin--fade-enter-active"
  >
    <div
      class="xl-spin__wrap xl-spin__wrap--default"
    >
      <span
        class="xl-spin__indicator"
      >
        <i
          class="xl-icon xl-icon--spin"
        >
          <svg
            fill="currentColor"
            style="height: 1em; width: 1em;"
            viewBox="0 0 512 512"
          >
            <path
              d="M304 48c0 26.51-21.49 48-48 48s-48-21.49-48-48 21.49-48 48-48 48 21.49 48 48zm-48 368c-26.51 0-48 21.49-48 48s21.49 48 48 48 48-21.49 48-48-21.49-48-48-48zm208-208c-26.51 0-48 21.49-48 48s21.49 48 48 48 48-21.49 48-48-21.49-48-48-48zM96 256c0-26.51-21.49-48-48-48S0 229.49 0 256s21.49 48 48 48 48-21.49 48-48zm12.922 99.078c-26.51 0-48 21.49-48 48s21.49 48 48 48 48-21.49 48-48c0-26.509-21.491-48-48-48zm294.156 0c-26.51 0-48 21.49-48 48s21.49 48 48 48 48-21.49 48-48c0-26.509-21.49-48-48-48zM108.922 60.922c-26.51 0-48 21.49-48 48s21.49 48 48 48 48-21.49 48-48-21.491-48-48-48z"
            />
          </svg>
        </i>
      </span>
      <span
        class="xl-spin__tip"
      >
        loading
      </span>
    </div>
  </div>
</div>
`;

exports[`Spin 自定义指示器 1`] = `
<div
  class="xl-spin xl-spin--spinning"
>
  <div
    class="xl-spin--fade xl-spin--fade-enter xl-spin--fade-enter-active"
  >
    <div
      class="xl-spin__wrap xl-spin__wrap--default"
    >
      <span
        class="xl-spin__indicator"
      >
        <i
          class="xl-icon xl-icon--spin"
        >
          <svg
            fill="currentColor"
            style="height: 1em; width: 1em;"
            viewBox="0 0 512 512"
          >
            <path
              d="M288 39.056v16.659c0 10.804 7.281 20.159 17.686 23.066C383.204 100.434 440 171.518 440 256c0 101.689-82.295 184-184 184-101.689 0-184-82.295-184-184 0-84.47 56.786-155.564 134.312-177.219C216.719 75.874 224 66.517 224 55.712V39.064c0-15.709-14.834-27.153-30.046-23.234C86.603 43.482 7.394 141.206 8.003 257.332c.72 137.052 111.477 246.956 248.531 246.667C393.255 503.711 504 392.788 504 256c0-115.633-79.14-212.779-186.211-240.236C302.678 11.889 288 23.456 288 39.056z"
            />
          </svg>
        </i>
      </span>
      <span
        class="xl-spin__tip"
      >
        Loading...
      </span>
    </div>
  </div>
</div>
`;

exports[`Spin 自定义描述 1`] = `
<div
  class="xl-spin xl-spin--spinning"
>
  <div
    class="xl-spin--fade xl-spin--fade-enter xl-spin--fade-enter-active"
  >
    <div
      class="xl-spin__wrap xl-spin__wrap--default"
    >
      <span
        class="xl-spin__indicator"
      >
        <i
          class="xl-icon xl-icon--spin"
        >
          <svg
            fill="currentColor"
            style="height: 1em; width: 1em;"
            viewBox="0 0 512 512"
          >
            <path
              d="M304 48c0 26.51-21.49 48-48 48s-48-21.49-48-48 21.49-48 48-48 48 21.49 48 48zm-48 368c-26.51 0-48 21.49-48 48s21.49 48 48 48 48-21.49 48-48-21.49-48-48-48zm208-208c-26.51 0-48 21.49-48 48s21.49 48 48 48 48-21.49 48-48-21.49-48-48-48zM96 256c0-26.51-21.49-48-48-48S0 229.49 0 256s21.49 48 48 48 48-21.49 48-48zm12.922 99.078c-26.51 0-48 21.49-48 48s21.49 48 48 48 48-21.49 48-48c0-26.509-21.491-48-48-48zm294.156 0c-26.51 0-48 21.49-48 48s21.49 48 48 48 48-21.49 48-48c0-26.509-21.49-48-48-48zM108.922 60.922c-26.51 0-48 21.49-48 48s21.49 48 48 48 48-21.49 48-48-21.491-48-48-48z"
            />
          </svg>
        </i>
      </span>
      <span
        class="xl-spin__tip"
      >
        Loading...
      </span>
    </div>
  </div>
</div>
`;

exports[`Spin 覆盖父元素 1`] = `
<div
  class="inner"
>
  Further details about the context of this alert.
  <div
    class="xl-spin xl-spin--spinning xl-spin--cover"
  >
    <div
      class="xl-spin--fade xl-spin--fade-enter xl-spin--fade-enter-active"
    >
      <div
        class="xl-spin__wrap xl-spin__wrap--default"
      >
        <span
          class="xl-spin__indicator"
        >
          <i
            class="xl-icon xl-icon--spin"
          >
            <svg
              fill="currentColor"
              style="height: 1em; width: 1em;"
              viewBox="0 0 512 512"
            >
              <path
                d="M304 48c0 26.51-21.49 48-48 48s-48-21.49-48-48 21.49-48 48-48 48 21.49 48 48zm-48 368c-26.51 0-48 21.49-48 48s21.49 48 48 48 48-21.49 48-48-21.49-48-48-48zm208-208c-26.51 0-48 21.49-48 48s21.49 48 48 48 48-21.49 48-48-21.49-48-48-48zM96 256c0-26.51-21.49-48-48-48S0 229.49 0 256s21.49 48 48 48 48-21.49 48-48zm12.922 99.078c-26.51 0-48 21.49-48 48s21.49 48 48 48 48-21.49 48-48c0-26.509-21.491-48-48-48zm294.156 0c-26.51 0-48 21.49-48 48s21.49 48 48 48 48-21.49 48-48c0-26.509-21.49-48-48-48zM108.922 60.922c-26.51 0-48 21.49-48 48s21.49 48 48 48 48-21.49 48-48-21.491-48-48-48z"
              />
            </svg>
          </i>
        </span>
        <span
          class="xl-spin__tip"
        >
          loading
        </span>
      </div>
    </div>
  </div>
</div>
`;
