// Jest Snapshot v1, https://goo.gl/fbAQLP

exports[`Popconfirm render 1`] = `
Array [
  <button
    class="btn"
  >
    button
  </button>,
  <div
    data-popper-escaped=""
    data-popper-placement="top"
    data-popper-reference-hidden=""
    style="z-index: 1001; position: absolute; left: 0px; top: 0px; margin: 0px; padding-bottom: 10px; bottom: 0px; transform: translate(0px, 0px);"
  >
    <div
      class="xl-popconfirm popup"
      data-placement="top"
      style="transform-origin: 0px 100%;"
    >
      <div
        class="xl-popconfirm__arrow"
        data-popper-arrow=""
        style="position: absolute; left: 0px; transform: translate(0px, 0px);"
      />
      <div
        class="xl-popconfirm__inner"
      >
        <div
          class="xl-popconfirm__message"
        >
          <i
            class="xl-icon"
          >
            <svg
              style="height: 1em; width: 1em; fill: currentColor; stroke: currentColor;"
              viewBox="0 0 512 512"
            >
              <path
                d="M256 48C141.31 48 48 141.31 48 256s93.31 208 208 208 208-93.31 208-208S370.69 48 256 48zm0 319.91a20 20 0 1120-20 20 20 0 01-20 20zm21.72-201.15l-5.74 122a16 16 0 01-32 0l-5.74-121.94v-.05a21.74 21.74 0 1143.44 0z"
              />
            </svg>
          </i>
          <span
            class="xl-popconfirm__title"
          >
            message
          </span>
        </div>
        <div
          class="xl-popconfirm__footer"
        >
          <button
            class="xl-base-button xl-button xl-button--variant-contained xl-button--theme-default xl-button--size-small xl-button--elevation"
            tabindex="0"
          >
            <span
              class="xl-base-button__inner"
            >
              no
            </span>
            <span
              class="xl-ripple"
            />
          </button>
          <button
            class="xl-base-button xl-button xl-button--variant-contained xl-button--theme-primary xl-button--size-small xl-button--elevation"
            tabindex="0"
          >
            <span
              class="xl-base-button__inner"
            >
              yes
            </span>
            <span
              class="xl-ripple"
            />
          </button>
        </div>
      </div>
    </div>
  </div>,
]
`;
